Worker: Scanning for inactive sessions...
Worker: [8be89191-e59b-4ce8-ad88-7a6e74fb2e11] Processing key.
Worker: [02d67ab7-5088-47fd-9d7f-b06eaf3cc888] Processing key.
Worker: Previous processing cycle is still running. Skipping this interval.
Worker: Scanning for inactive sessions...
Worker: [8be89191-e59b-4ce8-ad88-7a6e74fb2e11] Processing key.
Worker: [8be89191-e59b-4ce8-ad88-7a6e74fb2e11] Session is inactive. Finalizing...
Backend call
Worker: [8be89191-e59b-4ce8-ad88-7a6e74fb2e11] Backend update successful. Marking as synced.
Worker: [8be89191-e59b-4ce8-ad88-7a6e74fb2e11] Marked as synced in Redis.
Worker: [02d67ab7-5088-47fd-9d7f-b06eaf3cc888] Processing key.
Worker: Previous processing cycle is still running. Skipping this interval.
Worker: Scanning for inactive sessions...
Worker: [8be89191-e59b-4ce8-ad88-7a6e74fb2e11] Processing key.
Worker: [02d67ab7-5088-47fd-9d7f-b06eaf3cc888] Processing key.
Worker: [02d67ab7-5088-47fd-9d7f-b06eaf3cc888] Session is inactive. Finalizing...
Backend call
Worker: [02d67ab7-5088-47fd-9d7f-b06eaf3cc888] Backend update successful. Marking as synced.
Worker: [02d67ab7-5088-47fd-9d7f-b06eaf3cc888] Marked as synced in Redis.
Worker: Previous processing cycle is still running. Skipping this interval.
Worker: Scanning for inactive sessions...
Worker: [8be89191-e59b-4ce8-ad88-7a6e74fb2e11] Processing key.
Worker: [02d67ab7-5088-47fd-9d7f-b06eaf3cc888] Processing key.
Worker: Previous processing cycle is still running. Skipping this interval.
Worker: Scanning for inactive sessions...
Worker: [8be89191-e59b-4ce8-ad88-7a6e74fb2e11] Processing key.
Worker: [02d67ab7-5088-47fd-9d7f-b06eaf3cc888] Processing key.
Worker: Previous processing cycle is still running. Skipping this interval.